fatal: bad revision 'HEAD'

📊 账户概况
========================================
时间:    17:20
ETH:     $1990.17
USDT:    $200.00
ETH持:   0.100000
总权益:  $399.02
总交易:  0 (0买/0卖)
手续费:  $0.0000
活跃网格: 10
fatal: bad revision 'HEAD'

📊 账户概况
========================================
时间:    17:30
ETH:     $1991.28
USDT:    $200.00
ETH持:   0.100000
总权益:  $399.13
总交易:  0 (0买/0卖)
手续费:  $0.0000
活跃网格: 10
fatal: bad revision 'HEAD'

📊 账户概况
========================================
时间:    17:40
ETH:     $1991.00
USDT:    $200.00
ETH持:   0.100000
总权益:  $399.10
总交易:  0 (0买/0卖)
手续费:  $0.0000
活跃网格: 10
fatal: bad revision 'HEAD'

📊 账户概况
========================================
时间:    17:50
ETH:     $1995.00
USDT:    $200.00
ETH持:   0.100000
总权益:  $399.50
总交易:  0 (0买/0卖)
手续费:  $0.0000
活跃网格: 10
fatal: bad revision 'HEAD'

📊 账户概况
========================================
时间:    18:00
ETH:     $1993.76
USDT:    $200.00
ETH持:   0.100000
总权益:  $399.38
总交易:  0 (0买/0卖)
手续费:  $0.0000
活跃网格: 10
fatal: bad revision 'HEAD'

📊 账户概况
========================================
时间:    18:10
ETH:     $1995.24
USDT:    $200.00
ETH持:   0.100000
总权益:  $399.52
总交易:  0 (0买/0卖)
手续费:  $0.0000
活跃网格: 10
fatal: bad revision 'HEAD'

📊 账户概况
========================================
时间:    18:20
ETH:     $1992.31
USDT:    $200.00
ETH持:   0.100000
总权益:  $399.23
总交易:  0 (0买/0卖)
手续费:  $0.0000
活跃网格: 10
fatal: bad revision 'HEAD'

📊 账户概况
========================================
时间:    18:30
ETH:     $1992.77
USDT:    $200.00
ETH持:   0.100000
总权益:  $399.28
总交易:  0 (0买/0卖)
手续费:  $0.0000
活跃网格: 10
fatal: bad revision 'HEAD'

📊 账户概况
========================================
时间:    18:40
ETH:     $1994.95
USDT:    $200.00
ETH持:   0.100000
总权益:  $399.50
总交易:  0 (0买/0卖)
手续费:  $0.0000
活跃网格: 10
fatal: bad revision 'HEAD'

📊 账户概况
========================================
时间:    18:50
ETH:     $1993.16
USDT:    $200.00
ETH持:   0.100000
总权益:  $399.32
总交易:  0 (0买/0卖)
手续费:  $0.0000
活跃网格: 10
fatal: bad revision 'HEAD'

📊 账户概况
========================================
时间:    19:00
ETH:     $1990.15
USDT:    $200.00
ETH持:   0.100000
总权益:  $399.01
总交易:  0 (0买/0卖)
手续费:  $0.0000
活跃网格: 10
fatal: bad revision 'HEAD'

📊 账户概况
========================================
时间:    19:10
ETH:     $1989.26
USDT:    $200.00
ETH持:   0.100000
总权益:  $398.93
总交易:  0 (0买/0卖)
手续费:  $0.0000
活跃网格: 10
fatal: bad revision 'HEAD'

📊 账户概况
========================================
时间:    19:20
ETH:     $1990.11
USDT:    $200.00
ETH持:   0.100000
总权益:  $399.01
总交易:  0 (0买/0卖)
手续费:  $0.0000
活跃网格: 10
fatal: bad revision 'HEAD'

📊 账户概况
========================================
时间:    19:30
ETH:     $1988.09
USDT:    $200.00
ETH持:   0.100000
总权益:  $398.81
总交易:  0 (0买/0卖)
手续费:  $0.0000
活跃网格: 10
fatal: bad revision 'HEAD'

📊 账户概况
========================================
时间:    19:40
ETH:     $1989.85
USDT:    $200.00
ETH持:   0.100000
总权益:  $398.99
总交易:  0 (0买/0卖)
手续费:  $0.0000
活跃网格: 10
fatal: bad revision 'HEAD'

📊 账户概况
========================================
时间:    19:50
ETH:     $1988.72
USDT:    $200.00
ETH持:   0.100000
总权益:  $398.87
总交易:  0 (0买/0卖)
手续费:  $0.0000
活跃网格: 10
fatal: bad revision 'HEAD'

📊 账户概况
========================================
时间:    20:00
ETH:     $1990.15
USDT:    $200.00
ETH持:   0.100000
总权益:  $399.01
总交易:  0 (0买/0卖)
手续费:  $0.0000
活跃网格: 10
fatal: bad revision 'HEAD'

📊 账户概况
========================================
时间:    20:10
ETH:     $1988.08
USDT:    $200.00
ETH持:   0.100000
总权益:  $398.81
总交易:  0 (0买/0卖)
手续费:  $0.0000
活跃网格: 10
fatal: bad revision 'HEAD'

📊 账户概况
========================================
时间:    20:20
ETH:     $1985.73
USDT:    $200.00
ETH持:   0.100000
总权益:  $398.57
总交易:  0 (0买/0卖)
手续费:  $0.0000
活跃网格: 10
fatal: bad revision 'HEAD'

📊 账户概况
========================================
时间:    20:30
ETH:     $1987.90
USDT:    $200.00
ETH持:   0.100000
总权益:  $398.79
总交易:  0 (0买/0卖)
手续费:  $0.0000
活跃网格: 10
fatal: bad revision 'HEAD'

📊 账户概况
========================================
时间:    20:40
ETH:     $1991.96
USDT:    $200.00
ETH持:   0.100000
总权益:  $399.20
总交易:  0 (0买/0卖)
手续费:  $0.0000
活跃网格: 10
fatal: bad revision 'HEAD'

📊 账户概况
========================================
时间:    20:50
ETH:     $1992.87
USDT:    $200.00
ETH持:   0.100000
总权益:  $399.29
总交易:  0 (0买/0卖)
手续费:  $0.0000
活跃网格: 10
fatal: bad revision 'HEAD'

📊 账户概况
========================================
时间:    21:00
ETH:     $1992.03
USDT:    $200.00
ETH持:   0.100000
总权益:  $399.20
总交易:  0 (0买/0卖)
手续费:  $0.0000
活跃网格: 10
fatal: bad revision 'HEAD'

📊 账户概况
========================================
时间:    21:10
ETH:     $1987.16
USDT:    $200.00
ETH持:   0.100000
总权益:  $398.72
总交易:  0 (0买/0卖)
手续费:  $0.0000
活跃网格: 10
fatal: bad revision 'HEAD'

📊 账户概况
========================================
时间:    21:20
ETH:     $1986.45
USDT:    $200.00
ETH持:   0.100000
总权益:  $398.64
总交易:  0 (0买/0卖)
手续费:  $0.0000
活跃网格: 10
fatal: bad revision 'HEAD'

📊 账户概况
========================================
时间:    21:30
ETH:     $1985.63
USDT:    $200.00
ETH持:   0.100000
总权益:  $398.56
总交易:  0 (0买/0卖)
手续费:  $0.0000
活跃网格: 10
fatal: bad revision 'HEAD'

📊 账户概况
========================================
时间:    21:40
ETH:     $1980.60
USDT:    $200.00
ETH持:   0.100000
总权益:  $398.06
总交易:  0 (0买/0卖)
手续费:  $0.0000
活跃网格: 10
fatal: bad revision 'HEAD'
Traceback (most recent call last):
  File "/home/nh/.openclaw/workspace/venv/lib/python3.14/site-packages/urllib3/response.py", line 905, in _error_catcher
    yield
  File "/home/nh/.openclaw/workspace/venv/lib/python3.14/site-packages/urllib3/response.py", line 1434, in read_chunked
    chunk = self._handle_chunk(amt)
  File "/home/nh/.openclaw/workspace/venv/lib/python3.14/site-packages/urllib3/response.py", line 1373, in _handle_chunk
    returned_chunk = self._fp._safe_read(self.chunk_left)  # type: ignore[union-attr]
  File "/usr/lib/python3.14/http/client.py", line 648, in _safe_read
    data = self.fp.read(cursize)
  File "/usr/lib/python3.14/socket.py", line 725, in readinto
    return self._sock.recv_into(b)
           ~~~~~~~~~~~~~~~~~~~~^^^
  File "/usr/lib/python3.14/ssl.py", line 1304, in recv_into
    return self.read(nbytes, buffer)
           ~~~~~~~~~^^^^^^^^^^^^^^^^
  File "/usr/lib/python3.14/ssl.py", line 1138, in read
    return self._sslobj.read(len, buffer)
           ~~~~~~~~~~~~~~~~~^^^^^^^^^^^^^
TimeoutError: The read operation timed out

The above exception was the direct cause of the following exception:

Traceback (most recent call last):
  File "/home/nh/.openclaw/workspace/venv/lib/python3.14/site-packages/requests/models.py", line 937, in generate
    yield from self.raw.stream(chunk_size, decode_content=True)
  File "/home/nh/.openclaw/workspace/venv/lib/python3.14/site-packages/urllib3/response.py", line 1260, in stream
    yield from self.read_chunked(amt, decode_content=decode_content)
  File "/home/nh/.openclaw/workspace/venv/lib/python3.14/site-packages/urllib3/response.py", line 1407, in read_chunked
    with self._error_catcher():
         ~~~~~~~~~~~~~~~~~~~^^
  File "/usr/lib/python3.14/contextlib.py", line 162, in __exit__
    self.gen.throw(value)
    ~~~~~~~~~~~~~~^^^^^^^
  File "/home/nh/.openclaw/workspace/venv/lib/python3.14/site-packages/urllib3/response.py", line 910, in _error_catcher
    raise ReadTimeoutError(self._pool, None, "Read timed out.") from e  # type: ignore[arg-type]
    ^^^^^^^^^^^^^^^^^^^^^^^^^^^^^^^^^^^^^^^^^^^^^^^^^^^^^^^^^^^^^^^^^^
urllib3.exceptions.ReadTimeoutError: HTTPSConnectionPool(host='www.okx.com', port=443): Read timed out.

During handling of the above exception, another exception occurred:

Traceback (most recent call last):
  File "/home/nh/.openclaw/workspace/venv/lib/python3.14/site-packages/ccxt/base/exchange.py", line 663, in fetch
    response = self.session.request(
        method,
    ...<6 lines>...
        files=files
    )
  File "/home/nh/.openclaw/workspace/venv/lib/python3.14/site-packages/requests/sessions.py", line 651, in request
    resp = self.send(prep, **send_kwargs)
  File "/home/nh/.openclaw/workspace/venv/lib/python3.14/site-packages/requests/sessions.py", line 827, in send
    r.content
  File "/home/nh/.openclaw/workspace/venv/lib/python3.14/site-packages/requests/models.py", line 1042, in content
    self._content = b"".join(self.iter_content(CONTENT_CHUNK_SIZE)) or b""
                    ~~~~~~~~^^^^^^^^^^^^^^^^^^^^^^^^^^^^^^^^^^^^^^^
  File "/home/nh/.openclaw/workspace/venv/lib/python3.14/site-packages/requests/models.py", line 943, in generate
    raise ConnectionError(e)
requests.exceptions.ConnectionError: HTTPSConnectionPool(host='www.okx.com', port=443): Read timed out.

The above exception was the direct cause of the following exception:

Traceback (most recent call last):
  File "/home/nh/.openclaw/workspace/trading/paper_grid.py", line 179, in <module>
    current_price = bot.get_price()
  File "/home/nh/.openclaw/workspace/trading/paper_grid.py", line 50, in get_price
    ticker = exchange.fetch_ticker(SYMBOL)
  File "/home/nh/.openclaw/workspace/venv/lib/python3.14/site-packages/ccxt/okx.py", line 2213, in fetch_ticker
    self.load_markets()
    ~~~~~~~~~~~~~~~~~^^
  File "/home/nh/.openclaw/workspace/venv/lib/python3.14/site-packages/ccxt/base/exchange.py", line 1834, in load_markets
    markets = self.fetch_markets(params)
  File "/home/nh/.openclaw/workspace/venv/lib/python3.14/site-packages/ccxt/okx.py", line 1710, in fetch_markets
    promises.append(self.fetch_markets_by_type(types[i], params))
                    ~~~~~~~~~~~~~~~~~~~~~~~~~~^^^^^^^^^^^^^^^^^^
  File "/home/nh/.openclaw/workspace/venv/lib/python3.14/site-packages/ccxt/okx.py", line 1899, in fetch_markets_by_type
    response = self.publicGetPublicInstruments(self.extend(request, params))
  File "/home/nh/.openclaw/workspace/venv/lib/python3.14/site-packages/ccxt/base/types.py", line 35, in unbound_method
    return _self.request(self.path, self.api, self.method, params, config=self.config)
           ~~~~~~~~~~~~~^^^^^^^^^^^^^^^^^^^^^^^^^^^^^^^^^^^^^^^^^^^^^^^^^^^^^^^^^^^^^^
  File "/home/nh/.openclaw/workspace/venv/lib/python3.14/site-packages/ccxt/base/exchange.py", line 5488, in request
    return self.fetch2(path, api, method, params, headers, body, config)
           ~~~~~~~~~~~^^^^^^^^^^^^^^^^^^^^^^^^^^^^^^^^^^^^^^^^^^^^^^^^^^
  File "/home/nh/.openclaw/workspace/venv/lib/python3.14/site-packages/ccxt/base/exchange.py", line 5482, in fetch2
    raise e
  File "/home/nh/.openclaw/workspace/venv/lib/python3.14/site-packages/ccxt/base/exchange.py", line 5472, in fetch2
    return self.fetch(request['url'], request['method'], request['headers'], request['body'])
           ~~~~~~~~~~^^^^^^^^^^^^^^^^^^^^^^^^^^^^^^^^^^^^^^^^^^^^^^^^^^^^^^^^^^^^^^^^^^^^^^^^
  File "/home/nh/.openclaw/workspace/venv/lib/python3.14/site-packages/ccxt/base/exchange.py", line 717, in fetch
    raise RequestTimeout(details) from e
ccxt.base.errors.RequestTimeout: okx GET https://www.okx.com/api/v5/public/instruments?instType=SPOT
fatal: bad revision 'HEAD'
Traceback (most recent call last):
  File "/home/nh/.openclaw/workspace/venv/lib/python3.14/site-packages/urllib3/connectionpool.py", line 464, in _make_request
    self._validate_conn(conn)
    ~~~~~~~~~~~~~~~~~~~^^^^^^
  File "/home/nh/.openclaw/workspace/venv/lib/python3.14/site-packages/urllib3/connectionpool.py", line 1106, in _validate_conn
    conn.connect()
    ~~~~~~~~~~~~^^
  File "/home/nh/.openclaw/workspace/venv/lib/python3.14/site-packages/urllib3/connection.py", line 796, in connect
    sock_and_verified = _ssl_wrap_socket_and_match_hostname(
        sock=sock,
    ...<14 lines>...
        assert_fingerprint=self.assert_fingerprint,
    )
  File "/home/nh/.openclaw/workspace/venv/lib/python3.14/site-packages/urllib3/connection.py", line 975, in _ssl_wrap_socket_and_match_hostname
    ssl_sock = ssl_wrap_socket(
        sock=sock,
    ...<8 lines>...
        tls_in_tls=tls_in_tls,
    )
  File "/home/nh/.openclaw/workspace/venv/lib/python3.14/site-packages/urllib3/util/ssl_.py", line 433, in ssl_wrap_socket
    ssl_sock = _ssl_wrap_socket_impl(sock, context, tls_in_tls, server_hostname)
  File "/home/nh/.openclaw/workspace/venv/lib/python3.14/site-packages/urllib3/util/ssl_.py", line 477, in _ssl_wrap_socket_impl
    return ssl_context.wrap_socket(sock, server_hostname=server_hostname)
           ~~~~~~~~~~~~~~~~~~~~~~~^^^^^^^^^^^^^^^^^^^^^^^^^^^^^^^^^^^^^^^
  File "/usr/lib/python3.14/ssl.py", line 455, in wrap_socket
    return self.sslsocket_class._create(
           ~~~~~~~~~~~~~~~~~~~~~~~~~~~~^
        sock=sock,
        ^^^^^^^^^^
    ...<5 lines>...
        session=session
        ^^^^^^^^^^^^^^^
    )
    ^
  File "/usr/lib/python3.14/ssl.py", line 1076, in _create
    self.do_handshake()
    ~~~~~~~~~~~~~~~~~^^
  File "/usr/lib/python3.14/ssl.py", line 1372, in do_handshake
    self._sslobj.do_handshake()
    ~~~~~~~~~~~~~~~~~~~~~~~~~^^
TimeoutError: _ssl.c:1063: The handshake operation timed out

The above exception was the direct cause of the following exception:

Traceback (most recent call last):
  File "/home/nh/.openclaw/workspace/venv/lib/python3.14/site-packages/requests/adapters.py", line 696, in send
    resp = conn.urlopen(
        method=request.method,
    ...<9 lines>...
        chunked=chunked,
    )
  File "/home/nh/.openclaw/workspace/venv/lib/python3.14/site-packages/urllib3/connectionpool.py", line 842, in urlopen
    retries = retries.increment(
        method, url, error=new_e, _pool=self, _stacktrace=sys.exc_info()[2]
    )
  File "/home/nh/.openclaw/workspace/venv/lib/python3.14/site-packages/urllib3/util/retry.py", line 498, in increment
    raise reraise(type(error), error, _stacktrace)
          ~~~~~~~^^^^^^^^^^^^^^^^^^^^^^^^^^^^^^^^^
  File "/home/nh/.openclaw/workspace/venv/lib/python3.14/site-packages/urllib3/util/util.py", line 39, in reraise
    raise value
  File "/home/nh/.openclaw/workspace/venv/lib/python3.14/site-packages/urllib3/connectionpool.py", line 788, in urlopen
    response = self._make_request(
        conn,
    ...<10 lines>...
        **response_kw,
    )
  File "/home/nh/.openclaw/workspace/venv/lib/python3.14/site-packages/urllib3/connectionpool.py", line 488, in _make_request
    raise new_e
  File "/home/nh/.openclaw/workspace/venv/lib/python3.14/site-packages/urllib3/connectionpool.py", line 466, in _make_request
    self._raise_timeout(err=e, url=url, timeout_value=conn.timeout)
    ~~~~~~~~~~~~~~~~~~~^^^^^^^^^^^^^^^^^^^^^^^^^^^^^^^^^^^^^^^^^^^^
  File "/home/nh/.openclaw/workspace/venv/lib/python3.14/site-packages/urllib3/connectionpool.py", line 367, in _raise_timeout
    raise ReadTimeoutError(
        self, url, f"Read timed out. (read timeout={timeout_value})"
    ) from err
urllib3.exceptions.ReadTimeoutError: HTTPSConnectionPool(host='www.okx.com', port=443): Read timed out. (read timeout=10.0)

During handling of the above exception, another exception occurred:

Traceback (most recent call last):
  File "/home/nh/.openclaw/workspace/venv/lib/python3.14/site-packages/ccxt/base/exchange.py", line 663, in fetch
    response = self.session.request(
        method,
    ...<6 lines>...
        files=files
    )
  File "/home/nh/.openclaw/workspace/venv/lib/python3.14/site-packages/requests/sessions.py", line 651, in request
    resp = self.send(prep, **send_kwargs)
  File "/home/nh/.openclaw/workspace/venv/lib/python3.14/site-packages/requests/sessions.py", line 784, in send
    r = adapter.send(request, **kwargs)
  File "/home/nh/.openclaw/workspace/venv/lib/python3.14/site-packages/requests/adapters.py", line 742, in send
    raise ReadTimeout(e, request=request)
requests.exceptions.ReadTimeout: HTTPSConnectionPool(host='www.okx.com', port=443): Read timed out. (read timeout=10.0)

The above exception was the direct cause of the following exception:

Traceback (most recent call last):
  File "/home/nh/.openclaw/workspace/trading/paper_grid.py", line 179, in <module>
    current_price = bot.get_price()
  File "/home/nh/.openclaw/workspace/trading/paper_grid.py", line 50, in get_price
    ticker = exchange.fetch_ticker(SYMBOL)
  File "/home/nh/.openclaw/workspace/venv/lib/python3.14/site-packages/ccxt/okx.py", line 2213, in fetch_ticker
    self.load_markets()
    ~~~~~~~~~~~~~~~~~^^
  File "/home/nh/.openclaw/workspace/venv/lib/python3.14/site-packages/ccxt/base/exchange.py", line 1834, in load_markets
    markets = self.fetch_markets(params)
  File "/home/nh/.openclaw/workspace/venv/lib/python3.14/site-packages/ccxt/okx.py", line 1710, in fetch_markets
    promises.append(self.fetch_markets_by_type(types[i], params))
                    ~~~~~~~~~~~~~~~~~~~~~~~~~~^^^^^^^^^^^^^^^^^^
  File "/home/nh/.openclaw/workspace/venv/lib/python3.14/site-packages/ccxt/okx.py", line 1899, in fetch_markets_by_type
    response = self.publicGetPublicInstruments(self.extend(request, params))
  File "/home/nh/.openclaw/workspace/venv/lib/python3.14/site-packages/ccxt/base/types.py", line 35, in unbound_method
    return _self.request(self.path, self.api, self.method, params, config=self.config)
           ~~~~~~~~~~~~~^^^^^^^^^^^^^^^^^^^^^^^^^^^^^^^^^^^^^^^^^^^^^^^^^^^^^^^^^^^^^^
  File "/home/nh/.openclaw/workspace/venv/lib/python3.14/site-packages/ccxt/base/exchange.py", line 5488, in request
    return self.fetch2(path, api, method, params, headers, body, config)
           ~~~~~~~~~~~^^^^^^^^^^^^^^^^^^^^^^^^^^^^^^^^^^^^^^^^^^^^^^^^^^
  File "/home/nh/.openclaw/workspace/venv/lib/python3.14/site-packages/ccxt/base/exchange.py", line 5482, in fetch2
    raise e
  File "/home/nh/.openclaw/workspace/venv/lib/python3.14/site-packages/ccxt/base/exchange.py", line 5472, in fetch2
    return self.fetch(request['url'], request['method'], request['headers'], request['body'])
           ~~~~~~~~~~^^^^^^^^^^^^^^^^^^^^^^^^^^^^^^^^^^^^^^^^^^^^^^^^^^^^^^^^^^^^^^^^^^^^^^^^
  File "/home/nh/.openclaw/workspace/venv/lib/python3.14/site-packages/ccxt/base/exchange.py", line 696, in fetch
    raise RequestTimeout(details) from e
ccxt.base.errors.RequestTimeout: okx GET https://www.okx.com/api/v5/public/instruments?instType=SPOT
fatal: bad revision 'HEAD'
Traceback (most recent call last):
  File "/home/nh/.openclaw/workspace/venv/lib/python3.14/site-packages/urllib3/connection.py", line 204, in _new_conn
    sock = connection.create_connection(
        (self._dns_host, self.port),
    ...<2 lines>...
        socket_options=self.socket_options,
    )
  File "/home/nh/.openclaw/workspace/venv/lib/python3.14/site-packages/urllib3/util/connection.py", line 85, in create_connection
    raise err
  File "/home/nh/.openclaw/workspace/venv/lib/python3.14/site-packages/urllib3/util/connection.py", line 73, in create_connection
    sock.connect(sa)
    ~~~~~~~~~~~~^^^^
TimeoutError: timed out

The above exception was the direct cause of the following exception:

Traceback (most recent call last):
  File "/home/nh/.openclaw/workspace/venv/lib/python3.14/site-packages/urllib3/connectionpool.py", line 788, in urlopen
    response = self._make_request(
        conn,
    ...<10 lines>...
        **response_kw,
    )
  File "/home/nh/.openclaw/workspace/venv/lib/python3.14/site-packages/urllib3/connectionpool.py", line 488, in _make_request
    raise new_e
  File "/home/nh/.openclaw/workspace/venv/lib/python3.14/site-packages/urllib3/connectionpool.py", line 464, in _make_request
    self._validate_conn(conn)
    ~~~~~~~~~~~~~~~~~~~^^^^^^
  File "/home/nh/.openclaw/workspace/venv/lib/python3.14/site-packages/urllib3/connectionpool.py", line 1106, in _validate_conn
    conn.connect()
    ~~~~~~~~~~~~^^
  File "/home/nh/.openclaw/workspace/venv/lib/python3.14/site-packages/urllib3/connection.py", line 759, in connect
    self.sock = sock = self._new_conn()
                       ~~~~~~~~~~~~~~^^
  File "/home/nh/.openclaw/workspace/venv/lib/python3.14/site-packages/urllib3/connection.py", line 213, in _new_conn
    raise ConnectTimeoutError(
    ...<2 lines>...
    ) from e
urllib3.exceptions.ConnectTimeoutError: (<HTTPSConnection(host='www.okx.com', port=443) at 0x7cb1b6c49e80>, 'Connection to www.okx.com timed out. (connect timeout=10.0)')

The above exception was the direct cause of the following exception:

Traceback (most recent call last):
  File "/home/nh/.openclaw/workspace/venv/lib/python3.14/site-packages/requests/adapters.py", line 696, in send
    resp = conn.urlopen(
        method=request.method,
    ...<9 lines>...
        chunked=chunked,
    )
  File "/home/nh/.openclaw/workspace/venv/lib/python3.14/site-packages/urllib3/connectionpool.py", line 842, in urlopen
    retries = retries.increment(
        method, url, error=new_e, _pool=self, _stacktrace=sys.exc_info()[2]
    )
  File "/home/nh/.openclaw/workspace/venv/lib/python3.14/site-packages/urllib3/util/retry.py", line 543, in increment
    raise MaxRetryError(_pool, url, reason) from reason  # type: ignore[arg-type]
    ^^^^^^^^^^^^^^^^^^^^^^^^^^^^^^^^^^^^^^^^^^^^^^^^^^^
urllib3.exceptions.MaxRetryError: HTTPSConnectionPool(host='www.okx.com', port=443): Max retries exceeded with url: /api/v5/public/instruments?instType=SPOT (Caused by ConnectTimeoutError(<HTTPSConnection(host='www.okx.com', port=443) at 0x7cb1b6c49e80>, 'Connection to www.okx.com timed out. (connect timeout=10.0)'))

During handling of the above exception, another exception occurred:

Traceback (most recent call last):
  File "/home/nh/.openclaw/workspace/venv/lib/python3.14/site-packages/ccxt/base/exchange.py", line 663, in fetch
    response = self.session.request(
        method,
    ...<6 lines>...
        files=files
    )
  File "/home/nh/.openclaw/workspace/venv/lib/python3.14/site-packages/requests/sessions.py", line 651, in request
    resp = self.send(prep, **send_kwargs)
  File "/home/nh/.openclaw/workspace/venv/lib/python3.14/site-packages/requests/sessions.py", line 784, in send
    r = adapter.send(request, **kwargs)
  File "/home/nh/.openclaw/workspace/venv/lib/python3.14/site-packages/requests/adapters.py", line 717, in send
    raise ConnectTimeout(e, request=request)
requests.exceptions.ConnectTimeout: HTTPSConnectionPool(host='www.okx.com', port=443): Max retries exceeded with url: /api/v5/public/instruments?instType=SPOT (Caused by ConnectTimeoutError(<HTTPSConnection(host='www.okx.com', port=443) at 0x7cb1b6c49e80>, 'Connection to www.okx.com timed out. (connect timeout=10.0)'))

The above exception was the direct cause of the following exception:

Traceback (most recent call last):
  File "/home/nh/.openclaw/workspace/trading/paper_grid.py", line 179, in <module>
    current_price = bot.get_price()
  File "/home/nh/.openclaw/workspace/trading/paper_grid.py", line 50, in get_price
    ticker = exchange.fetch_ticker(SYMBOL)
  File "/home/nh/.openclaw/workspace/venv/lib/python3.14/site-packages/ccxt/okx.py", line 2213, in fetch_ticker
    self.load_markets()
    ~~~~~~~~~~~~~~~~~^^
  File "/home/nh/.openclaw/workspace/venv/lib/python3.14/site-packages/ccxt/base/exchange.py", line 1834, in load_markets
    markets = self.fetch_markets(params)
  File "/home/nh/.openclaw/workspace/venv/lib/python3.14/site-packages/ccxt/okx.py", line 1710, in fetch_markets
    promises.append(self.fetch_markets_by_type(types[i], params))
                    ~~~~~~~~~~~~~~~~~~~~~~~~~~^^^^^^^^^^^^^^^^^^
  File "/home/nh/.openclaw/workspace/venv/lib/python3.14/site-packages/ccxt/okx.py", line 1899, in fetch_markets_by_type
    response = self.publicGetPublicInstruments(self.extend(request, params))
  File "/home/nh/.openclaw/workspace/venv/lib/python3.14/site-packages/ccxt/base/types.py", line 35, in unbound_method
    return _self.request(self.path, self.api, self.method, params, config=self.config)
           ~~~~~~~~~~~~~^^^^^^^^^^^^^^^^^^^^^^^^^^^^^^^^^^^^^^^^^^^^^^^^^^^^^^^^^^^^^^
  File "/home/nh/.openclaw/workspace/venv/lib/python3.14/site-packages/ccxt/base/exchange.py", line 5488, in request
    return self.fetch2(path, api, method, params, headers, body, config)
           ~~~~~~~~~~~^^^^^^^^^^^^^^^^^^^^^^^^^^^^^^^^^^^^^^^^^^^^^^^^^^
  File "/home/nh/.openclaw/workspace/venv/lib/python3.14/site-packages/ccxt/base/exchange.py", line 5482, in fetch2
    raise e
  File "/home/nh/.openclaw/workspace/venv/lib/python3.14/site-packages/ccxt/base/exchange.py", line 5472, in fetch2
    return self.fetch(request['url'], request['method'], request['headers'], request['body'])
           ~~~~~~~~~~^^^^^^^^^^^^^^^^^^^^^^^^^^^^^^^^^^^^^^^^^^^^^^^^^^^^^^^^^^^^^^^^^^^^^^^^
  File "/home/nh/.openclaw/workspace/venv/lib/python3.14/site-packages/ccxt/base/exchange.py", line 696, in fetch
    raise RequestTimeout(details) from e
ccxt.base.errors.RequestTimeout: okx GET https://www.okx.com/api/v5/public/instruments?instType=SPOT
fatal: bad revision 'HEAD'
Traceback (most recent call last):
  File "/home/nh/.openclaw/workspace/venv/lib/python3.14/site-packages/urllib3/connection.py", line 204, in _new_conn
    sock = connection.create_connection(
        (self._dns_host, self.port),
    ...<2 lines>...
        socket_options=self.socket_options,
    )
  File "/home/nh/.openclaw/workspace/venv/lib/python3.14/site-packages/urllib3/util/connection.py", line 85, in create_connection
    raise err
  File "/home/nh/.openclaw/workspace/venv/lib/python3.14/site-packages/urllib3/util/connection.py", line 73, in create_connection
    sock.connect(sa)
    ~~~~~~~~~~~~^^^^
TimeoutError: timed out

The above exception was the direct cause of the following exception:

Traceback (most recent call last):
  File "/home/nh/.openclaw/workspace/venv/lib/python3.14/site-packages/urllib3/connectionpool.py", line 788, in urlopen
    response = self._make_request(
        conn,
    ...<10 lines>...
        **response_kw,
    )
  File "/home/nh/.openclaw/workspace/venv/lib/python3.14/site-packages/urllib3/connectionpool.py", line 488, in _make_request
    raise new_e
  File "/home/nh/.openclaw/workspace/venv/lib/python3.14/site-packages/urllib3/connectionpool.py", line 464, in _make_request
    self._validate_conn(conn)
    ~~~~~~~~~~~~~~~~~~~^^^^^^
  File "/home/nh/.openclaw/workspace/venv/lib/python3.14/site-packages/urllib3/connectionpool.py", line 1106, in _validate_conn
    conn.connect()
    ~~~~~~~~~~~~^^
  File "/home/nh/.openclaw/workspace/venv/lib/python3.14/site-packages/urllib3/connection.py", line 759, in connect
    self.sock = sock = self._new_conn()
                       ~~~~~~~~~~~~~~^^
  File "/home/nh/.openclaw/workspace/venv/lib/python3.14/site-packages/urllib3/connection.py", line 213, in _new_conn
    raise ConnectTimeoutError(
    ...<2 lines>...
    ) from e
urllib3.exceptions.ConnectTimeoutError: (<HTTPSConnection(host='www.okx.com', port=443) at 0x7914b0919e80>, 'Connection to www.okx.com timed out. (connect timeout=10.0)')

The above exception was the direct cause of the following exception:

Traceback (most recent call last):
  File "/home/nh/.openclaw/workspace/venv/lib/python3.14/site-packages/requests/adapters.py", line 696, in send
    resp = conn.urlopen(
        method=request.method,
    ...<9 lines>...
        chunked=chunked,
    )
  File "/home/nh/.openclaw/workspace/venv/lib/python3.14/site-packages/urllib3/connectionpool.py", line 842, in urlopen
    retries = retries.increment(
        method, url, error=new_e, _pool=self, _stacktrace=sys.exc_info()[2]
    )
  File "/home/nh/.openclaw/workspace/venv/lib/python3.14/site-packages/urllib3/util/retry.py", line 543, in increment
    raise MaxRetryError(_pool, url, reason) from reason  # type: ignore[arg-type]
    ^^^^^^^^^^^^^^^^^^^^^^^^^^^^^^^^^^^^^^^^^^^^^^^^^^^
urllib3.exceptions.MaxRetryError: HTTPSConnectionPool(host='www.okx.com', port=443): Max retries exceeded with url: /api/v5/public/instruments?instType=SPOT (Caused by ConnectTimeoutError(<HTTPSConnection(host='www.okx.com', port=443) at 0x7914b0919e80>, 'Connection to www.okx.com timed out. (connect timeout=10.0)'))

During handling of the above exception, another exception occurred:

Traceback (most recent call last):
  File "/home/nh/.openclaw/workspace/venv/lib/python3.14/site-packages/ccxt/base/exchange.py", line 663, in fetch
    response = self.session.request(
        method,
    ...<6 lines>...
        files=files
    )
  File "/home/nh/.openclaw/workspace/venv/lib/python3.14/site-packages/requests/sessions.py", line 651, in request
    resp = self.send(prep, **send_kwargs)
  File "/home/nh/.openclaw/workspace/venv/lib/python3.14/site-packages/requests/sessions.py", line 784, in send
    r = adapter.send(request, **kwargs)
  File "/home/nh/.openclaw/workspace/venv/lib/python3.14/site-packages/requests/adapters.py", line 717, in send
    raise ConnectTimeout(e, request=request)
requests.exceptions.ConnectTimeout: HTTPSConnectionPool(host='www.okx.com', port=443): Max retries exceeded with url: /api/v5/public/instruments?instType=SPOT (Caused by ConnectTimeoutError(<HTTPSConnection(host='www.okx.com', port=443) at 0x7914b0919e80>, 'Connection to www.okx.com timed out. (connect timeout=10.0)'))

The above exception was the direct cause of the following exception:

Traceback (most recent call last):
  File "/home/nh/.openclaw/workspace/trading/paper_grid.py", line 179, in <module>
    current_price = bot.get_price()
  File "/home/nh/.openclaw/workspace/trading/paper_grid.py", line 50, in get_price
    ticker = exchange.fetch_ticker(SYMBOL)
  File "/home/nh/.openclaw/workspace/venv/lib/python3.14/site-packages/ccxt/okx.py", line 2213, in fetch_ticker
    self.load_markets()
    ~~~~~~~~~~~~~~~~~^^
  File "/home/nh/.openclaw/workspace/venv/lib/python3.14/site-packages/ccxt/base/exchange.py", line 1834, in load_markets
    markets = self.fetch_markets(params)
  File "/home/nh/.openclaw/workspace/venv/lib/python3.14/site-packages/ccxt/okx.py", line 1710, in fetch_markets
    promises.append(self.fetch_markets_by_type(types[i], params))
                    ~~~~~~~~~~~~~~~~~~~~~~~~~~^^^^^^^^^^^^^^^^^^
  File "/home/nh/.openclaw/workspace/venv/lib/python3.14/site-packages/ccxt/okx.py", line 1899, in fetch_markets_by_type
    response = self.publicGetPublicInstruments(self.extend(request, params))
  File "/home/nh/.openclaw/workspace/venv/lib/python3.14/site-packages/ccxt/base/types.py", line 35, in unbound_method
    return _self.request(self.path, self.api, self.method, params, config=self.config)
           ~~~~~~~~~~~~~^^^^^^^^^^^^^^^^^^^^^^^^^^^^^^^^^^^^^^^^^^^^^^^^^^^^^^^^^^^^^^
  File "/home/nh/.openclaw/workspace/venv/lib/python3.14/site-packages/ccxt/base/exchange.py", line 5488, in request
    return self.fetch2(path, api, method, params, headers, body, config)
           ~~~~~~~~~~~^^^^^^^^^^^^^^^^^^^^^^^^^^^^^^^^^^^^^^^^^^^^^^^^^^
  File "/home/nh/.openclaw/workspace/venv/lib/python3.14/site-packages/ccxt/base/exchange.py", line 5482, in fetch2
    raise e
  File "/home/nh/.openclaw/workspace/venv/lib/python3.14/site-packages/ccxt/base/exchange.py", line 5472, in fetch2
    return self.fetch(request['url'], request['method'], request['headers'], request['body'])
           ~~~~~~~~~~^^^^^^^^^^^^^^^^^^^^^^^^^^^^^^^^^^^^^^^^^^^^^^^^^^^^^^^^^^^^^^^^^^^^^^^^
  File "/home/nh/.openclaw/workspace/venv/lib/python3.14/site-packages/ccxt/base/exchange.py", line 696, in fetch
    raise RequestTimeout(details) from e
ccxt.base.errors.RequestTimeout: okx GET https://www.okx.com/api/v5/public/instruments?instType=SPOT
fatal: bad revision 'HEAD'
Traceback (most recent call last):
  File "/home/nh/.openclaw/workspace/venv/lib/python3.14/site-packages/urllib3/connection.py", line 204, in _new_conn
    sock = connection.create_connection(
        (self._dns_host, self.port),
    ...<2 lines>...
        socket_options=self.socket_options,
    )
  File "/home/nh/.openclaw/workspace/venv/lib/python3.14/site-packages/urllib3/util/connection.py", line 85, in create_connection
    raise err
  File "/home/nh/.openclaw/workspace/venv/lib/python3.14/site-packages/urllib3/util/connection.py", line 73, in create_connection
    sock.connect(sa)
    ~~~~~~~~~~~~^^^^
TimeoutError: timed out

The above exception was the direct cause of the following exception:

Traceback (most recent call last):
  File "/home/nh/.openclaw/workspace/venv/lib/python3.14/site-packages/urllib3/connectionpool.py", line 788, in urlopen
    response = self._make_request(
        conn,
    ...<10 lines>...
        **response_kw,
    )
  File "/home/nh/.openclaw/workspace/venv/lib/python3.14/site-packages/urllib3/connectionpool.py", line 488, in _make_request
    raise new_e
  File "/home/nh/.openclaw/workspace/venv/lib/python3.14/site-packages/urllib3/connectionpool.py", line 464, in _make_request
    self._validate_conn(conn)
    ~~~~~~~~~~~~~~~~~~~^^^^^^
  File "/home/nh/.openclaw/workspace/venv/lib/python3.14/site-packages/urllib3/connectionpool.py", line 1106, in _validate_conn
    conn.connect()
    ~~~~~~~~~~~~^^
  File "/home/nh/.openclaw/workspace/venv/lib/python3.14/site-packages/urllib3/connection.py", line 759, in connect
    self.sock = sock = self._new_conn()
                       ~~~~~~~~~~~~~~^^
  File "/home/nh/.openclaw/workspace/venv/lib/python3.14/site-packages/urllib3/connection.py", line 213, in _new_conn
    raise ConnectTimeoutError(
    ...<2 lines>...
    ) from e
urllib3.exceptions.ConnectTimeoutError: (<HTTPSConnection(host='www.okx.com', port=443) at 0x77c83cfe1e80>, 'Connection to www.okx.com timed out. (connect timeout=10.0)')

The above exception was the direct cause of the following exception:

Traceback (most recent call last):
  File "/home/nh/.openclaw/workspace/venv/lib/python3.14/site-packages/requests/adapters.py", line 696, in send
    resp = conn.urlopen(
        method=request.method,
    ...<9 lines>...
        chunked=chunked,
    )
  File "/home/nh/.openclaw/workspace/venv/lib/python3.14/site-packages/urllib3/connectionpool.py", line 842, in urlopen
    retries = retries.increment(
        method, url, error=new_e, _pool=self, _stacktrace=sys.exc_info()[2]
    )
  File "/home/nh/.openclaw/workspace/venv/lib/python3.14/site-packages/urllib3/util/retry.py", line 543, in increment
    raise MaxRetryError(_pool, url, reason) from reason  # type: ignore[arg-type]
    ^^^^^^^^^^^^^^^^^^^^^^^^^^^^^^^^^^^^^^^^^^^^^^^^^^^
urllib3.exceptions.MaxRetryError: HTTPSConnectionPool(host='www.okx.com', port=443): Max retries exceeded with url: /api/v5/public/instruments?instType=SPOT (Caused by ConnectTimeoutError(<HTTPSConnection(host='www.okx.com', port=443) at 0x77c83cfe1e80>, 'Connection to www.okx.com timed out. (connect timeout=10.0)'))

During handling of the above exception, another exception occurred:

Traceback (most recent call last):
  File "/home/nh/.openclaw/workspace/venv/lib/python3.14/site-packages/ccxt/base/exchange.py", line 663, in fetch
    response = self.session.request(
        method,
    ...<6 lines>...
        files=files
    )
  File "/home/nh/.openclaw/workspace/venv/lib/python3.14/site-packages/requests/sessions.py", line 651, in request
    resp = self.send(prep, **send_kwargs)
  File "/home/nh/.openclaw/workspace/venv/lib/python3.14/site-packages/requests/sessions.py", line 784, in send
    r = adapter.send(request, **kwargs)
  File "/home/nh/.openclaw/workspace/venv/lib/python3.14/site-packages/requests/adapters.py", line 717, in send
    raise ConnectTimeout(e, request=request)
requests.exceptions.ConnectTimeout: HTTPSConnectionPool(host='www.okx.com', port=443): Max retries exceeded with url: /api/v5/public/instruments?instType=SPOT (Caused by ConnectTimeoutError(<HTTPSConnection(host='www.okx.com', port=443) at 0x77c83cfe1e80>, 'Connection to www.okx.com timed out. (connect timeout=10.0)'))

The above exception was the direct cause of the following exception:

Traceback (most recent call last):
  File "/home/nh/.openclaw/workspace/trading/paper_grid.py", line 179, in <module>
    current_price = bot.get_price()
  File "/home/nh/.openclaw/workspace/trading/paper_grid.py", line 50, in get_price
    ticker = exchange.fetch_ticker(SYMBOL)
  File "/home/nh/.openclaw/workspace/venv/lib/python3.14/site-packages/ccxt/okx.py", line 2213, in fetch_ticker
    self.load_markets()
    ~~~~~~~~~~~~~~~~~^^
  File "/home/nh/.openclaw/workspace/venv/lib/python3.14/site-packages/ccxt/base/exchange.py", line 1834, in load_markets
    markets = self.fetch_markets(params)
  File "/home/nh/.openclaw/workspace/venv/lib/python3.14/site-packages/ccxt/okx.py", line 1710, in fetch_markets
    promises.append(self.fetch_markets_by_type(types[i], params))
                    ~~~~~~~~~~~~~~~~~~~~~~~~~~^^^^^^^^^^^^^^^^^^
  File "/home/nh/.openclaw/workspace/venv/lib/python3.14/site-packages/ccxt/okx.py", line 1899, in fetch_markets_by_type
    response = self.publicGetPublicInstruments(self.extend(request, params))
  File "/home/nh/.openclaw/workspace/venv/lib/python3.14/site-packages/ccxt/base/types.py", line 35, in unbound_method
    return _self.request(self.path, self.api, self.method, params, config=self.config)
           ~~~~~~~~~~~~~^^^^^^^^^^^^^^^^^^^^^^^^^^^^^^^^^^^^^^^^^^^^^^^^^^^^^^^^^^^^^^
  File "/home/nh/.openclaw/workspace/venv/lib/python3.14/site-packages/ccxt/base/exchange.py", line 5488, in request
    return self.fetch2(path, api, method, params, headers, body, config)
           ~~~~~~~~~~~^^^^^^^^^^^^^^^^^^^^^^^^^^^^^^^^^^^^^^^^^^^^^^^^^^
  File "/home/nh/.openclaw/workspace/venv/lib/python3.14/site-packages/ccxt/base/exchange.py", line 5482, in fetch2
    raise e
  File "/home/nh/.openclaw/workspace/venv/lib/python3.14/site-packages/ccxt/base/exchange.py", line 5472, in fetch2
    return self.fetch(request['url'], request['method'], request['headers'], request['body'])
           ~~~~~~~~~~^^^^^^^^^^^^^^^^^^^^^^^^^^^^^^^^^^^^^^^^^^^^^^^^^^^^^^^^^^^^^^^^^^^^^^^^
  File "/home/nh/.openclaw/workspace/venv/lib/python3.14/site-packages/ccxt/base/exchange.py", line 696, in fetch
    raise RequestTimeout(details) from e
ccxt.base.errors.RequestTimeout: okx GET https://www.okx.com/api/v5/public/instruments?instType=SPOT
fatal: bad revision 'HEAD'
Traceback (most recent call last):
  File "/home/nh/.openclaw/workspace/venv/lib/python3.14/site-packages/urllib3/connection.py", line 204, in _new_conn
    sock = connection.create_connection(
        (self._dns_host, self.port),
    ...<2 lines>...
        socket_options=self.socket_options,
    )
  File "/home/nh/.openclaw/workspace/venv/lib/python3.14/site-packages/urllib3/util/connection.py", line 85, in create_connection
    raise err
  File "/home/nh/.openclaw/workspace/venv/lib/python3.14/site-packages/urllib3/util/connection.py", line 73, in create_connection
    sock.connect(sa)
    ~~~~~~~~~~~~^^^^
TimeoutError: timed out

The above exception was the direct cause of the following exception:

Traceback (most recent call last):
  File "/home/nh/.openclaw/workspace/venv/lib/python3.14/site-packages/urllib3/connectionpool.py", line 788, in urlopen
    response = self._make_request(
        conn,
    ...<10 lines>...
        **response_kw,
    )
  File "/home/nh/.openclaw/workspace/venv/lib/python3.14/site-packages/urllib3/connectionpool.py", line 488, in _make_request
    raise new_e
  File "/home/nh/.openclaw/workspace/venv/lib/python3.14/site-packages/urllib3/connectionpool.py", line 464, in _make_request
    self._validate_conn(conn)
    ~~~~~~~~~~~~~~~~~~~^^^^^^
  File "/home/nh/.openclaw/workspace/venv/lib/python3.14/site-packages/urllib3/connectionpool.py", line 1106, in _validate_conn
    conn.connect()
    ~~~~~~~~~~~~^^
  File "/home/nh/.openclaw/workspace/venv/lib/python3.14/site-packages/urllib3/connection.py", line 759, in connect
    self.sock = sock = self._new_conn()
                       ~~~~~~~~~~~~~~^^
  File "/home/nh/.openclaw/workspace/venv/lib/python3.14/site-packages/urllib3/connection.py", line 213, in _new_conn
    raise ConnectTimeoutError(
    ...<2 lines>...
    ) from e
urllib3.exceptions.ConnectTimeoutError: (<HTTPSConnection(host='www.okx.com', port=443) at 0x744b5e9fde80>, 'Connection to www.okx.com timed out. (connect timeout=10.0)')

The above exception was the direct cause of the following exception:

Traceback (most recent call last):
  File "/home/nh/.openclaw/workspace/venv/lib/python3.14/site-packages/requests/adapters.py", line 696, in send
    resp = conn.urlopen(
        method=request.method,
    ...<9 lines>...
        chunked=chunked,
    )
  File "/home/nh/.openclaw/workspace/venv/lib/python3.14/site-packages/urllib3/connectionpool.py", line 842, in urlopen
    retries = retries.increment(
        method, url, error=new_e, _pool=self, _stacktrace=sys.exc_info()[2]
    )
  File "/home/nh/.openclaw/workspace/venv/lib/python3.14/site-packages/urllib3/util/retry.py", line 543, in increment
    raise MaxRetryError(_pool, url, reason) from reason  # type: ignore[arg-type]
    ^^^^^^^^^^^^^^^^^^^^^^^^^^^^^^^^^^^^^^^^^^^^^^^^^^^
urllib3.exceptions.MaxRetryError: HTTPSConnectionPool(host='www.okx.com', port=443): Max retries exceeded with url: /api/v5/public/instruments?instType=SPOT (Caused by ConnectTimeoutError(<HTTPSConnection(host='www.okx.com', port=443) at 0x744b5e9fde80>, 'Connection to www.okx.com timed out. (connect timeout=10.0)'))

During handling of the above exception, another exception occurred:

Traceback (most recent call last):
  File "/home/nh/.openclaw/workspace/venv/lib/python3.14/site-packages/ccxt/base/exchange.py", line 663, in fetch
    response = self.session.request(
        method,
    ...<6 lines>...
        files=files
    )
  File "/home/nh/.openclaw/workspace/venv/lib/python3.14/site-packages/requests/sessions.py", line 651, in request
    resp = self.send(prep, **send_kwargs)
  File "/home/nh/.openclaw/workspace/venv/lib/python3.14/site-packages/requests/sessions.py", line 784, in send
    r = adapter.send(request, **kwargs)
  File "/home/nh/.openclaw/workspace/venv/lib/python3.14/site-packages/requests/adapters.py", line 717, in send
    raise ConnectTimeout(e, request=request)
requests.exceptions.ConnectTimeout: HTTPSConnectionPool(host='www.okx.com', port=443): Max retries exceeded with url: /api/v5/public/instruments?instType=SPOT (Caused by ConnectTimeoutError(<HTTPSConnection(host='www.okx.com', port=443) at 0x744b5e9fde80>, 'Connection to www.okx.com timed out. (connect timeout=10.0)'))

The above exception was the direct cause of the following exception:

Traceback (most recent call last):
  File "/home/nh/.openclaw/workspace/trading/paper_grid.py", line 179, in <module>
    current_price = bot.get_price()
  File "/home/nh/.openclaw/workspace/trading/paper_grid.py", line 50, in get_price
    ticker = exchange.fetch_ticker(SYMBOL)
  File "/home/nh/.openclaw/workspace/venv/lib/python3.14/site-packages/ccxt/okx.py", line 2213, in fetch_ticker
    self.load_markets()
    ~~~~~~~~~~~~~~~~~^^
  File "/home/nh/.openclaw/workspace/venv/lib/python3.14/site-packages/ccxt/base/exchange.py", line 1834, in load_markets
    markets = self.fetch_markets(params)
  File "/home/nh/.openclaw/workspace/venv/lib/python3.14/site-packages/ccxt/okx.py", line 1710, in fetch_markets
    promises.append(self.fetch_markets_by_type(types[i], params))
                    ~~~~~~~~~~~~~~~~~~~~~~~~~~^^^^^^^^^^^^^^^^^^
  File "/home/nh/.openclaw/workspace/venv/lib/python3.14/site-packages/ccxt/okx.py", line 1899, in fetch_markets_by_type
    response = self.publicGetPublicInstruments(self.extend(request, params))
  File "/home/nh/.openclaw/workspace/venv/lib/python3.14/site-packages/ccxt/base/types.py", line 35, in unbound_method
    return _self.request(self.path, self.api, self.method, params, config=self.config)
           ~~~~~~~~~~~~~^^^^^^^^^^^^^^^^^^^^^^^^^^^^^^^^^^^^^^^^^^^^^^^^^^^^^^^^^^^^^^
  File "/home/nh/.openclaw/workspace/venv/lib/python3.14/site-packages/ccxt/base/exchange.py", line 5488, in request
    return self.fetch2(path, api, method, params, headers, body, config)
           ~~~~~~~~~~~^^^^^^^^^^^^^^^^^^^^^^^^^^^^^^^^^^^^^^^^^^^^^^^^^^
  File "/home/nh/.openclaw/workspace/venv/lib/python3.14/site-packages/ccxt/base/exchange.py", line 5482, in fetch2
    raise e
  File "/home/nh/.openclaw/workspace/venv/lib/python3.14/site-packages/ccxt/base/exchange.py", line 5472, in fetch2
    return self.fetch(request['url'], request['method'], request['headers'], request['body'])
           ~~~~~~~~~~^^^^^^^^^^^^^^^^^^^^^^^^^^^^^^^^^^^^^^^^^^^^^^^^^^^^^^^^^^^^^^^^^^^^^^^^
  File "/home/nh/.openclaw/workspace/venv/lib/python3.14/site-packages/ccxt/base/exchange.py", line 696, in fetch
    raise RequestTimeout(details) from e
ccxt.base.errors.RequestTimeout: okx GET https://www.okx.com/api/v5/public/instruments?instType=SPOT
fatal: bad revision 'HEAD'
Traceback (most recent call last):
  File "/home/nh/.openclaw/workspace/venv/lib/python3.14/site-packages/urllib3/connection.py", line 204, in _new_conn
    sock = connection.create_connection(
        (self._dns_host, self.port),
    ...<2 lines>...
        socket_options=self.socket_options,
    )
  File "/home/nh/.openclaw/workspace/venv/lib/python3.14/site-packages/urllib3/util/connection.py", line 85, in create_connection
    raise err
  File "/home/nh/.openclaw/workspace/venv/lib/python3.14/site-packages/urllib3/util/connection.py", line 73, in create_connection
    sock.connect(sa)
    ~~~~~~~~~~~~^^^^
TimeoutError: timed out

The above exception was the direct cause of the following exception:

Traceback (most recent call last):
  File "/home/nh/.openclaw/workspace/venv/lib/python3.14/site-packages/urllib3/connectionpool.py", line 788, in urlopen
    response = self._make_request(
        conn,
    ...<10 lines>...
        **response_kw,
    )
  File "/home/nh/.openclaw/workspace/venv/lib/python3.14/site-packages/urllib3/connectionpool.py", line 488, in _make_request
    raise new_e
  File "/home/nh/.openclaw/workspace/venv/lib/python3.14/site-packages/urllib3/connectionpool.py", line 464, in _make_request
    self._validate_conn(conn)
    ~~~~~~~~~~~~~~~~~~~^^^^^^
  File "/home/nh/.openclaw/workspace/venv/lib/python3.14/site-packages/urllib3/connectionpool.py", line 1106, in _validate_conn
    conn.connect()
    ~~~~~~~~~~~~^^
  File "/home/nh/.openclaw/workspace/venv/lib/python3.14/site-packages/urllib3/connection.py", line 759, in connect
    self.sock = sock = self._new_conn()
                       ~~~~~~~~~~~~~~^^
  File "/home/nh/.openclaw/workspace/venv/lib/python3.14/site-packages/urllib3/connection.py", line 213, in _new_conn
    raise ConnectTimeoutError(
    ...<2 lines>...
    ) from e
urllib3.exceptions.ConnectTimeoutError: (<HTTPSConnection(host='www.okx.com', port=443) at 0x7c0dea66de80>, 'Connection to www.okx.com timed out. (connect timeout=10.0)')

The above exception was the direct cause of the following exception:

Traceback (most recent call last):
  File "/home/nh/.openclaw/workspace/venv/lib/python3.14/site-packages/requests/adapters.py", line 696, in send
    resp = conn.urlopen(
        method=request.method,
    ...<9 lines>...
        chunked=chunked,
    )
  File "/home/nh/.openclaw/workspace/venv/lib/python3.14/site-packages/urllib3/connectionpool.py", line 842, in urlopen
    retries = retries.increment(
        method, url, error=new_e, _pool=self, _stacktrace=sys.exc_info()[2]
    )
  File "/home/nh/.openclaw/workspace/venv/lib/python3.14/site-packages/urllib3/util/retry.py", line 543, in increment
    raise MaxRetryError(_pool, url, reason) from reason  # type: ignore[arg-type]
    ^^^^^^^^^^^^^^^^^^^^^^^^^^^^^^^^^^^^^^^^^^^^^^^^^^^
urllib3.exceptions.MaxRetryError: HTTPSConnectionPool(host='www.okx.com', port=443): Max retries exceeded with url: /api/v5/public/instruments?instType=SPOT (Caused by ConnectTimeoutError(<HTTPSConnection(host='www.okx.com', port=443) at 0x7c0dea66de80>, 'Connection to www.okx.com timed out. (connect timeout=10.0)'))

During handling of the above exception, another exception occurred:

Traceback (most recent call last):
  File "/home/nh/.openclaw/workspace/venv/lib/python3.14/site-packages/ccxt/base/exchange.py", line 663, in fetch
    response = self.session.request(
        method,
    ...<6 lines>...
        files=files
    )
  File "/home/nh/.openclaw/workspace/venv/lib/python3.14/site-packages/requests/sessions.py", line 651, in request
    resp = self.send(prep, **send_kwargs)
  File "/home/nh/.openclaw/workspace/venv/lib/python3.14/site-packages/requests/sessions.py", line 784, in send
    r = adapter.send(request, **kwargs)
  File "/home/nh/.openclaw/workspace/venv/lib/python3.14/site-packages/requests/adapters.py", line 717, in send
    raise ConnectTimeout(e, request=request)
requests.exceptions.ConnectTimeout: HTTPSConnectionPool(host='www.okx.com', port=443): Max retries exceeded with url: /api/v5/public/instruments?instType=SPOT (Caused by ConnectTimeoutError(<HTTPSConnection(host='www.okx.com', port=443) at 0x7c0dea66de80>, 'Connection to www.okx.com timed out. (connect timeout=10.0)'))

The above exception was the direct cause of the following exception:

Traceback (most recent call last):
  File "/home/nh/.openclaw/workspace/trading/paper_grid.py", line 179, in <module>
    current_price = bot.get_price()
  File "/home/nh/.openclaw/workspace/trading/paper_grid.py", line 50, in get_price
    ticker = exchange.fetch_ticker(SYMBOL)
  File "/home/nh/.openclaw/workspace/venv/lib/python3.14/site-packages/ccxt/okx.py", line 2213, in fetch_ticker
    self.load_markets()
    ~~~~~~~~~~~~~~~~~^^
  File "/home/nh/.openclaw/workspace/venv/lib/python3.14/site-packages/ccxt/base/exchange.py", line 1834, in load_markets
    markets = self.fetch_markets(params)
  File "/home/nh/.openclaw/workspace/venv/lib/python3.14/site-packages/ccxt/okx.py", line 1710, in fetch_markets
    promises.append(self.fetch_markets_by_type(types[i], params))
                    ~~~~~~~~~~~~~~~~~~~~~~~~~~^^^^^^^^^^^^^^^^^^
  File "/home/nh/.openclaw/workspace/venv/lib/python3.14/site-packages/ccxt/okx.py", line 1899, in fetch_markets_by_type
    response = self.publicGetPublicInstruments(self.extend(request, params))
  File "/home/nh/.openclaw/workspace/venv/lib/python3.14/site-packages/ccxt/base/types.py", line 35, in unbound_method
    return _self.request(self.path, self.api, self.method, params, config=self.config)
           ~~~~~~~~~~~~~^^^^^^^^^^^^^^^^^^^^^^^^^^^^^^^^^^^^^^^^^^^^^^^^^^^^^^^^^^^^^^
  File "/home/nh/.openclaw/workspace/venv/lib/python3.14/site-packages/ccxt/base/exchange.py", line 5488, in request
    return self.fetch2(path, api, method, params, headers, body, config)
           ~~~~~~~~~~~^^^^^^^^^^^^^^^^^^^^^^^^^^^^^^^^^^^^^^^^^^^^^^^^^^
  File "/home/nh/.openclaw/workspace/venv/lib/python3.14/site-packages/ccxt/base/exchange.py", line 5482, in fetch2
    raise e
  File "/home/nh/.openclaw/workspace/venv/lib/python3.14/site-packages/ccxt/base/exchange.py", line 5472, in fetch2
    return self.fetch(request['url'], request['method'], request['headers'], request['body'])
           ~~~~~~~~~~^^^^^^^^^^^^^^^^^^^^^^^^^^^^^^^^^^^^^^^^^^^^^^^^^^^^^^^^^^^^^^^^^^^^^^^^
  File "/home/nh/.openclaw/workspace/venv/lib/python3.14/site-packages/ccxt/base/exchange.py", line 696, in fetch
    raise RequestTimeout(details) from e
ccxt.base.errors.RequestTimeout: okx GET https://www.okx.com/api/v5/public/instruments?instType=SPOT
fatal: bad revision 'HEAD'
Traceback (most recent call last):
  File "/home/nh/.openclaw/workspace/venv/lib/python3.14/site-packages/urllib3/connection.py", line 204, in _new_conn
    sock = connection.create_connection(
        (self._dns_host, self.port),
    ...<2 lines>...
        socket_options=self.socket_options,
    )
  File "/home/nh/.openclaw/workspace/venv/lib/python3.14/site-packages/urllib3/util/connection.py", line 85, in create_connection
    raise err
  File "/home/nh/.openclaw/workspace/venv/lib/python3.14/site-packages/urllib3/util/connection.py", line 73, in create_connection
    sock.connect(sa)
    ~~~~~~~~~~~~^^^^
TimeoutError: timed out

The above exception was the direct cause of the following exception:

Traceback (most recent call last):
  File "/home/nh/.openclaw/workspace/venv/lib/python3.14/site-packages/urllib3/connectionpool.py", line 788, in urlopen
    response = self._make_request(
        conn,
    ...<10 lines>...
        **response_kw,
    )
  File "/home/nh/.openclaw/workspace/venv/lib/python3.14/site-packages/urllib3/connectionpool.py", line 488, in _make_request
    raise new_e
  File "/home/nh/.openclaw/workspace/venv/lib/python3.14/site-packages/urllib3/connectionpool.py", line 464, in _make_request
    self._validate_conn(conn)
    ~~~~~~~~~~~~~~~~~~~^^^^^^
  File "/home/nh/.openclaw/workspace/venv/lib/python3.14/site-packages/urllib3/connectionpool.py", line 1106, in _validate_conn
    conn.connect()
    ~~~~~~~~~~~~^^
  File "/home/nh/.openclaw/workspace/venv/lib/python3.14/site-packages/urllib3/connection.py", line 759, in connect
    self.sock = sock = self._new_conn()
                       ~~~~~~~~~~~~~~^^
  File "/home/nh/.openclaw/workspace/venv/lib/python3.14/site-packages/urllib3/connection.py", line 213, in _new_conn
    raise ConnectTimeoutError(
    ...<2 lines>...
    ) from e
urllib3.exceptions.ConnectTimeoutError: (<HTTPSConnection(host='www.okx.com', port=443) at 0x773a9d37de80>, 'Connection to www.okx.com timed out. (connect timeout=10.0)')

The above exception was the direct cause of the following exception:

Traceback (most recent call last):
  File "/home/nh/.openclaw/workspace/venv/lib/python3.14/site-packages/requests/adapters.py", line 696, in send
    resp = conn.urlopen(
        method=request.method,
    ...<9 lines>...
        chunked=chunked,
    )
  File "/home/nh/.openclaw/workspace/venv/lib/python3.14/site-packages/urllib3/connectionpool.py", line 842, in urlopen
    retries = retries.increment(
        method, url, error=new_e, _pool=self, _stacktrace=sys.exc_info()[2]
    )
  File "/home/nh/.openclaw/workspace/venv/lib/python3.14/site-packages/urllib3/util/retry.py", line 543, in increment
    raise MaxRetryError(_pool, url, reason) from reason  # type: ignore[arg-type]
    ^^^^^^^^^^^^^^^^^^^^^^^^^^^^^^^^^^^^^^^^^^^^^^^^^^^
urllib3.exceptions.MaxRetryError: HTTPSConnectionPool(host='www.okx.com', port=443): Max retries exceeded with url: /api/v5/public/instruments?instType=SPOT (Caused by ConnectTimeoutError(<HTTPSConnection(host='www.okx.com', port=443) at 0x773a9d37de80>, 'Connection to www.okx.com timed out. (connect timeout=10.0)'))

During handling of the above exception, another exception occurred:

Traceback (most recent call last):
  File "/home/nh/.openclaw/workspace/venv/lib/python3.14/site-packages/ccxt/base/exchange.py", line 663, in fetch
    response = self.session.request(
        method,
    ...<6 lines>...
        files=files
    )
  File "/home/nh/.openclaw/workspace/venv/lib/python3.14/site-packages/requests/sessions.py", line 651, in request
    resp = self.send(prep, **send_kwargs)
  File "/home/nh/.openclaw/workspace/venv/lib/python3.14/site-packages/requests/sessions.py", line 784, in send
    r = adapter.send(request, **kwargs)
  File "/home/nh/.openclaw/workspace/venv/lib/python3.14/site-packages/requests/adapters.py", line 717, in send
    raise ConnectTimeout(e, request=request)
requests.exceptions.ConnectTimeout: HTTPSConnectionPool(host='www.okx.com', port=443): Max retries exceeded with url: /api/v5/public/instruments?instType=SPOT (Caused by ConnectTimeoutError(<HTTPSConnection(host='www.okx.com', port=443) at 0x773a9d37de80>, 'Connection to www.okx.com timed out. (connect timeout=10.0)'))

The above exception was the direct cause of the following exception:

Traceback (most recent call last):
  File "/home/nh/.openclaw/workspace/trading/paper_grid.py", line 179, in <module>
    current_price = bot.get_price()
  File "/home/nh/.openclaw/workspace/trading/paper_grid.py", line 50, in get_price
    ticker = exchange.fetch_ticker(SYMBOL)
  File "/home/nh/.openclaw/workspace/venv/lib/python3.14/site-packages/ccxt/okx.py", line 2213, in fetch_ticker
    self.load_markets()
    ~~~~~~~~~~~~~~~~~^^
  File "/home/nh/.openclaw/workspace/venv/lib/python3.14/site-packages/ccxt/base/exchange.py", line 1834, in load_markets
    markets = self.fetch_markets(params)
  File "/home/nh/.openclaw/workspace/venv/lib/python3.14/site-packages/ccxt/okx.py", line 1710, in fetch_markets
    promises.append(self.fetch_markets_by_type(types[i], params))
                    ~~~~~~~~~~~~~~~~~~~~~~~~~~^^^^^^^^^^^^^^^^^^
  File "/home/nh/.openclaw/workspace/venv/lib/python3.14/site-packages/ccxt/okx.py", line 1899, in fetch_markets_by_type
    response = self.publicGetPublicInstruments(self.extend(request, params))
  File "/home/nh/.openclaw/workspace/venv/lib/python3.14/site-packages/ccxt/base/types.py", line 35, in unbound_method
    return _self.request(self.path, self.api, self.method, params, config=self.config)
           ~~~~~~~~~~~~~^^^^^^^^^^^^^^^^^^^^^^^^^^^^^^^^^^^^^^^^^^^^^^^^^^^^^^^^^^^^^^
  File "/home/nh/.openclaw/workspace/venv/lib/python3.14/site-packages/ccxt/base/exchange.py", line 5488, in request
    return self.fetch2(path, api, method, params, headers, body, config)
           ~~~~~~~~~~~^^^^^^^^^^^^^^^^^^^^^^^^^^^^^^^^^^^^^^^^^^^^^^^^^^
  File "/home/nh/.openclaw/workspace/venv/lib/python3.14/site-packages/ccxt/base/exchange.py", line 5482, in fetch2
    raise e
  File "/home/nh/.openclaw/workspace/venv/lib/python3.14/site-packages/ccxt/base/exchange.py", line 5472, in fetch2
    return self.fetch(request['url'], request['method'], request['headers'], request['body'])
           ~~~~~~~~~~^^^^^^^^^^^^^^^^^^^^^^^^^^^^^^^^^^^^^^^^^^^^^^^^^^^^^^^^^^^^^^^^^^^^^^^^
  File "/home/nh/.openclaw/workspace/venv/lib/python3.14/site-packages/ccxt/base/exchange.py", line 696, in fetch
    raise RequestTimeout(details) from e
ccxt.base.errors.RequestTimeout: okx GET https://www.okx.com/api/v5/public/instruments?instType=SPOT
fatal: bad revision 'HEAD'
Traceback (most recent call last):
  File "/home/nh/.openclaw/workspace/venv/lib/python3.14/site-packages/urllib3/connection.py", line 204, in _new_conn
    sock = connection.create_connection(
        (self._dns_host, self.port),
    ...<2 lines>...
        socket_options=self.socket_options,
    )
  File "/home/nh/.openclaw/workspace/venv/lib/python3.14/site-packages/urllib3/util/connection.py", line 85, in create_connection
    raise err
  File "/home/nh/.openclaw/workspace/venv/lib/python3.14/site-packages/urllib3/util/connection.py", line 73, in create_connection
    sock.connect(sa)
    ~~~~~~~~~~~~^^^^
TimeoutError: timed out

The above exception was the direct cause of the following exception:

Traceback (most recent call last):
  File "/home/nh/.openclaw/workspace/venv/lib/python3.14/site-packages/urllib3/connectionpool.py", line 788, in urlopen
    response = self._make_request(
        conn,
    ...<10 lines>...
        **response_kw,
    )
  File "/home/nh/.openclaw/workspace/venv/lib/python3.14/site-packages/urllib3/connectionpool.py", line 488, in _make_request
    raise new_e
  File "/home/nh/.openclaw/workspace/venv/lib/python3.14/site-packages/urllib3/connectionpool.py", line 464, in _make_request
    self._validate_conn(conn)
    ~~~~~~~~~~~~~~~~~~~^^^^^^
  File "/home/nh/.openclaw/workspace/venv/lib/python3.14/site-packages/urllib3/connectionpool.py", line 1106, in _validate_conn
    conn.connect()
    ~~~~~~~~~~~~^^
  File "/home/nh/.openclaw/workspace/venv/lib/python3.14/site-packages/urllib3/connection.py", line 759, in connect
    self.sock = sock = self._new_conn()
                       ~~~~~~~~~~~~~~^^
  File "/home/nh/.openclaw/workspace/venv/lib/python3.14/site-packages/urllib3/connection.py", line 213, in _new_conn
    raise ConnectTimeoutError(
    ...<2 lines>...
    ) from e
urllib3.exceptions.ConnectTimeoutError: (<HTTPSConnection(host='www.okx.com', port=443) at 0x775cc1919e80>, 'Connection to www.okx.com timed out. (connect timeout=10.0)')

The above exception was the direct cause of the following exception:

Traceback (most recent call last):
  File "/home/nh/.openclaw/workspace/venv/lib/python3.14/site-packages/requests/adapters.py", line 696, in send
    resp = conn.urlopen(
        method=request.method,
    ...<9 lines>...
        chunked=chunked,
    )
  File "/home/nh/.openclaw/workspace/venv/lib/python3.14/site-packages/urllib3/connectionpool.py", line 842, in urlopen
    retries = retries.increment(
        method, url, error=new_e, _pool=self, _stacktrace=sys.exc_info()[2]
    )
  File "/home/nh/.openclaw/workspace/venv/lib/python3.14/site-packages/urllib3/util/retry.py", line 543, in increment
    raise MaxRetryError(_pool, url, reason) from reason  # type: ignore[arg-type]
    ^^^^^^^^^^^^^^^^^^^^^^^^^^^^^^^^^^^^^^^^^^^^^^^^^^^
urllib3.exceptions.MaxRetryError: HTTPSConnectionPool(host='www.okx.com', port=443): Max retries exceeded with url: /api/v5/public/instruments?instType=SPOT (Caused by ConnectTimeoutError(<HTTPSConnection(host='www.okx.com', port=443) at 0x775cc1919e80>, 'Connection to www.okx.com timed out. (connect timeout=10.0)'))

During handling of the above exception, another exception occurred:

Traceback (most recent call last):
  File "/home/nh/.openclaw/workspace/venv/lib/python3.14/site-packages/ccxt/base/exchange.py", line 663, in fetch
    response = self.session.request(
        method,
    ...<6 lines>...
        files=files
    )
  File "/home/nh/.openclaw/workspace/venv/lib/python3.14/site-packages/requests/sessions.py", line 651, in request
    resp = self.send(prep, **send_kwargs)
  File "/home/nh/.openclaw/workspace/venv/lib/python3.14/site-packages/requests/sessions.py", line 784, in send
    r = adapter.send(request, **kwargs)
  File "/home/nh/.openclaw/workspace/venv/lib/python3.14/site-packages/requests/adapters.py", line 717, in send
    raise ConnectTimeout(e, request=request)
requests.exceptions.ConnectTimeout: HTTPSConnectionPool(host='www.okx.com', port=443): Max retries exceeded with url: /api/v5/public/instruments?instType=SPOT (Caused by ConnectTimeoutError(<HTTPSConnection(host='www.okx.com', port=443) at 0x775cc1919e80>, 'Connection to www.okx.com timed out. (connect timeout=10.0)'))

The above exception was the direct cause of the following exception:

Traceback (most recent call last):
  File "/home/nh/.openclaw/workspace/trading/paper_grid.py", line 179, in <module>
    current_price = bot.get_price()
  File "/home/nh/.openclaw/workspace/trading/paper_grid.py", line 50, in get_price
    ticker = exchange.fetch_ticker(SYMBOL)
  File "/home/nh/.openclaw/workspace/venv/lib/python3.14/site-packages/ccxt/okx.py", line 2213, in fetch_ticker
    self.load_markets()
    ~~~~~~~~~~~~~~~~~^^
  File "/home/nh/.openclaw/workspace/venv/lib/python3.14/site-packages/ccxt/base/exchange.py", line 1834, in load_markets
    markets = self.fetch_markets(params)
  File "/home/nh/.openclaw/workspace/venv/lib/python3.14/site-packages/ccxt/okx.py", line 1710, in fetch_markets
    promises.append(self.fetch_markets_by_type(types[i], params))
                    ~~~~~~~~~~~~~~~~~~~~~~~~~~^^^^^^^^^^^^^^^^^^
  File "/home/nh/.openclaw/workspace/venv/lib/python3.14/site-packages/ccxt/okx.py", line 1899, in fetch_markets_by_type
    response = self.publicGetPublicInstruments(self.extend(request, params))
  File "/home/nh/.openclaw/workspace/venv/lib/python3.14/site-packages/ccxt/base/types.py", line 35, in unbound_method
    return _self.request(self.path, self.api, self.method, params, config=self.config)
           ~~~~~~~~~~~~~^^^^^^^^^^^^^^^^^^^^^^^^^^^^^^^^^^^^^^^^^^^^^^^^^^^^^^^^^^^^^^
  File "/home/nh/.openclaw/workspace/venv/lib/python3.14/site-packages/ccxt/base/exchange.py", line 5488, in request
    return self.fetch2(path, api, method, params, headers, body, config)
           ~~~~~~~~~~~^^^^^^^^^^^^^^^^^^^^^^^^^^^^^^^^^^^^^^^^^^^^^^^^^^
  File "/home/nh/.openclaw/workspace/venv/lib/python3.14/site-packages/ccxt/base/exchange.py", line 5482, in fetch2
    raise e
  File "/home/nh/.openclaw/workspace/venv/lib/python3.14/site-packages/ccxt/base/exchange.py", line 5472, in fetch2
    return self.fetch(request['url'], request['method'], request['headers'], request['body'])
           ~~~~~~~~~~^^^^^^^^^^^^^^^^^^^^^^^^^^^^^^^^^^^^^^^^^^^^^^^^^^^^^^^^^^^^^^^^^^^^^^^^
  File "/home/nh/.openclaw/workspace/venv/lib/python3.14/site-packages/ccxt/base/exchange.py", line 696, in fetch
    raise RequestTimeout(details) from e
ccxt.base.errors.RequestTimeout: okx GET https://www.okx.com/api/v5/public/instruments?instType=SPOT
fatal: bad revision 'HEAD'
Traceback (most recent call last):
  File "/home/nh/.openclaw/workspace/venv/lib/python3.14/site-packages/urllib3/connection.py", line 204, in _new_conn
    sock = connection.create_connection(
        (self._dns_host, self.port),
    ...<2 lines>...
        socket_options=self.socket_options,
    )
  File "/home/nh/.openclaw/workspace/venv/lib/python3.14/site-packages/urllib3/util/connection.py", line 85, in create_connection
    raise err
  File "/home/nh/.openclaw/workspace/venv/lib/python3.14/site-packages/urllib3/util/connection.py", line 73, in create_connection
    sock.connect(sa)
    ~~~~~~~~~~~~^^^^
TimeoutError: timed out

The above exception was the direct cause of the following exception:

Traceback (most recent call last):
  File "/home/nh/.openclaw/workspace/venv/lib/python3.14/site-packages/urllib3/connectionpool.py", line 788, in urlopen
    response = self._make_request(
        conn,
    ...<10 lines>...
        **response_kw,
    )
  File "/home/nh/.openclaw/workspace/venv/lib/python3.14/site-packages/urllib3/connectionpool.py", line 488, in _make_request
    raise new_e
  File "/home/nh/.openclaw/workspace/venv/lib/python3.14/site-packages/urllib3/connectionpool.py", line 464, in _make_request
    self._validate_conn(conn)
    ~~~~~~~~~~~~~~~~~~~^^^^^^
  File "/home/nh/.openclaw/workspace/venv/lib/python3.14/site-packages/urllib3/connectionpool.py", line 1106, in _validate_conn
    conn.connect()
    ~~~~~~~~~~~~^^
  File "/home/nh/.openclaw/workspace/venv/lib/python3.14/site-packages/urllib3/connection.py", line 759, in connect
    self.sock = sock = self._new_conn()
                       ~~~~~~~~~~~~~~^^
  File "/home/nh/.openclaw/workspace/venv/lib/python3.14/site-packages/urllib3/connection.py", line 213, in _new_conn
    raise ConnectTimeoutError(
    ...<2 lines>...
    ) from e
urllib3.exceptions.ConnectTimeoutError: (<HTTPSConnection(host='www.okx.com', port=443) at 0x787eb8821e80>, 'Connection to www.okx.com timed out. (connect timeout=10.0)')

The above exception was the direct cause of the following exception:

Traceback (most recent call last):
  File "/home/nh/.openclaw/workspace/venv/lib/python3.14/site-packages/requests/adapters.py", line 696, in send
    resp = conn.urlopen(
        method=request.method,
    ...<9 lines>...
        chunked=chunked,
    )
  File "/home/nh/.openclaw/workspace/venv/lib/python3.14/site-packages/urllib3/connectionpool.py", line 842, in urlopen
    retries = retries.increment(
        method, url, error=new_e, _pool=self, _stacktrace=sys.exc_info()[2]
    )
  File "/home/nh/.openclaw/workspace/venv/lib/python3.14/site-packages/urllib3/util/retry.py", line 543, in increment
    raise MaxRetryError(_pool, url, reason) from reason  # type: ignore[arg-type]
    ^^^^^^^^^^^^^^^^^^^^^^^^^^^^^^^^^^^^^^^^^^^^^^^^^^^
urllib3.exceptions.MaxRetryError: HTTPSConnectionPool(host='www.okx.com', port=443): Max retries exceeded with url: /api/v5/public/instruments?instType=SPOT (Caused by ConnectTimeoutError(<HTTPSConnection(host='www.okx.com', port=443) at 0x787eb8821e80>, 'Connection to www.okx.com timed out. (connect timeout=10.0)'))

During handling of the above exception, another exception occurred:

Traceback (most recent call last):
  File "/home/nh/.openclaw/workspace/venv/lib/python3.14/site-packages/ccxt/base/exchange.py", line 663, in fetch
    response = self.session.request(
        method,
    ...<6 lines>...
        files=files
    )
  File "/home/nh/.openclaw/workspace/venv/lib/python3.14/site-packages/requests/sessions.py", line 651, in request
    resp = self.send(prep, **send_kwargs)
  File "/home/nh/.openclaw/workspace/venv/lib/python3.14/site-packages/requests/sessions.py", line 784, in send
    r = adapter.send(request, **kwargs)
  File "/home/nh/.openclaw/workspace/venv/lib/python3.14/site-packages/requests/adapters.py", line 717, in send
    raise ConnectTimeout(e, request=request)
requests.exceptions.ConnectTimeout: HTTPSConnectionPool(host='www.okx.com', port=443): Max retries exceeded with url: /api/v5/public/instruments?instType=SPOT (Caused by ConnectTimeoutError(<HTTPSConnection(host='www.okx.com', port=443) at 0x787eb8821e80>, 'Connection to www.okx.com timed out. (connect timeout=10.0)'))

The above exception was the direct cause of the following exception:

Traceback (most recent call last):
  File "/home/nh/.openclaw/workspace/trading/paper_grid.py", line 179, in <module>
    current_price = bot.get_price()
  File "/home/nh/.openclaw/workspace/trading/paper_grid.py", line 50, in get_price
    ticker = exchange.fetch_ticker(SYMBOL)
  File "/home/nh/.openclaw/workspace/venv/lib/python3.14/site-packages/ccxt/okx.py", line 2213, in fetch_ticker
    self.load_markets()
    ~~~~~~~~~~~~~~~~~^^
  File "/home/nh/.openclaw/workspace/venv/lib/python3.14/site-packages/ccxt/base/exchange.py", line 1834, in load_markets
    markets = self.fetch_markets(params)
  File "/home/nh/.openclaw/workspace/venv/lib/python3.14/site-packages/ccxt/okx.py", line 1710, in fetch_markets
    promises.append(self.fetch_markets_by_type(types[i], params))
                    ~~~~~~~~~~~~~~~~~~~~~~~~~~^^^^^^^^^^^^^^^^^^
  File "/home/nh/.openclaw/workspace/venv/lib/python3.14/site-packages/ccxt/okx.py", line 1899, in fetch_markets_by_type
    response = self.publicGetPublicInstruments(self.extend(request, params))
  File "/home/nh/.openclaw/workspace/venv/lib/python3.14/site-packages/ccxt/base/types.py", line 35, in unbound_method
    return _self.request(self.path, self.api, self.method, params, config=self.config)
           ~~~~~~~~~~~~~^^^^^^^^^^^^^^^^^^^^^^^^^^^^^^^^^^^^^^^^^^^^^^^^^^^^^^^^^^^^^^
  File "/home/nh/.openclaw/workspace/venv/lib/python3.14/site-packages/ccxt/base/exchange.py", line 5488, in request
    return self.fetch2(path, api, method, params, headers, body, config)
           ~~~~~~~~~~~^^^^^^^^^^^^^^^^^^^^^^^^^^^^^^^^^^^^^^^^^^^^^^^^^^
  File "/home/nh/.openclaw/workspace/venv/lib/python3.14/site-packages/ccxt/base/exchange.py", line 5482, in fetch2
    raise e
  File "/home/nh/.openclaw/workspace/venv/lib/python3.14/site-packages/ccxt/base/exchange.py", line 5472, in fetch2
    return self.fetch(request['url'], request['method'], request['headers'], request['body'])
           ~~~~~~~~~~^^^^^^^^^^^^^^^^^^^^^^^^^^^^^^^^^^^^^^^^^^^^^^^^^^^^^^^^^^^^^^^^^^^^^^^^
  File "/home/nh/.openclaw/workspace/venv/lib/python3.14/site-packages/ccxt/base/exchange.py", line 696, in fetch
    raise RequestTimeout(details) from e
ccxt.base.errors.RequestTimeout: okx GET https://www.okx.com/api/v5/public/instruments?instType=SPOT
fatal: bad revision 'HEAD'
Traceback (most recent call last):
  File "/home/nh/.openclaw/workspace/venv/lib/python3.14/site-packages/urllib3/connection.py", line 204, in _new_conn
    sock = connection.create_connection(
        (self._dns_host, self.port),
    ...<2 lines>...
        socket_options=self.socket_options,
    )
  File "/home/nh/.openclaw/workspace/venv/lib/python3.14/site-packages/urllib3/util/connection.py", line 85, in create_connection
    raise err
  File "/home/nh/.openclaw/workspace/venv/lib/python3.14/site-packages/urllib3/util/connection.py", line 73, in create_connection
    sock.connect(sa)
    ~~~~~~~~~~~~^^^^
TimeoutError: timed out

The above exception was the direct cause of the following exception:

Traceback (most recent call last):
  File "/home/nh/.openclaw/workspace/venv/lib/python3.14/site-packages/urllib3/connectionpool.py", line 788, in urlopen
    response = self._make_request(
        conn,
    ...<10 lines>...
        **response_kw,
    )
  File "/home/nh/.openclaw/workspace/venv/lib/python3.14/site-packages/urllib3/connectionpool.py", line 488, in _make_request
    raise new_e
  File "/home/nh/.openclaw/workspace/venv/lib/python3.14/site-packages/urllib3/connectionpool.py", line 464, in _make_request
    self._validate_conn(conn)
    ~~~~~~~~~~~~~~~~~~~^^^^^^
  File "/home/nh/.openclaw/workspace/venv/lib/python3.14/site-packages/urllib3/connectionpool.py", line 1106, in _validate_conn
    conn.connect()
    ~~~~~~~~~~~~^^
  File "/home/nh/.openclaw/workspace/venv/lib/python3.14/site-packages/urllib3/connection.py", line 759, in connect
    self.sock = sock = self._new_conn()
                       ~~~~~~~~~~~~~~^^
  File "/home/nh/.openclaw/workspace/venv/lib/python3.14/site-packages/urllib3/connection.py", line 213, in _new_conn
    raise ConnectTimeoutError(
    ...<2 lines>...
    ) from e
urllib3.exceptions.ConnectTimeoutError: (<HTTPSConnection(host='www.okx.com', port=443) at 0x7d9a9dfd1e80>, 'Connection to www.okx.com timed out. (connect timeout=10.0)')

The above exception was the direct cause of the following exception:

Traceback (most recent call last):
  File "/home/nh/.openclaw/workspace/venv/lib/python3.14/site-packages/requests/adapters.py", line 696, in send
    resp = conn.urlopen(
        method=request.method,
    ...<9 lines>...
        chunked=chunked,
    )
  File "/home/nh/.openclaw/workspace/venv/lib/python3.14/site-packages/urllib3/connectionpool.py", line 842, in urlopen
    retries = retries.increment(
        method, url, error=new_e, _pool=self, _stacktrace=sys.exc_info()[2]
    )
  File "/home/nh/.openclaw/workspace/venv/lib/python3.14/site-packages/urllib3/util/retry.py", line 543, in increment
    raise MaxRetryError(_pool, url, reason) from reason  # type: ignore[arg-type]
    ^^^^^^^^^^^^^^^^^^^^^^^^^^^^^^^^^^^^^^^^^^^^^^^^^^^
urllib3.exceptions.MaxRetryError: HTTPSConnectionPool(host='www.okx.com', port=443): Max retries exceeded with url: /api/v5/public/instruments?instType=SPOT (Caused by ConnectTimeoutError(<HTTPSConnection(host='www.okx.com', port=443) at 0x7d9a9dfd1e80>, 'Connection to www.okx.com timed out. (connect timeout=10.0)'))

During handling of the above exception, another exception occurred:

Traceback (most recent call last):
  File "/home/nh/.openclaw/workspace/venv/lib/python3.14/site-packages/ccxt/base/exchange.py", line 663, in fetch
    response = self.session.request(
        method,
    ...<6 lines>...
        files=files
    )
  File "/home/nh/.openclaw/workspace/venv/lib/python3.14/site-packages/requests/sessions.py", line 651, in request
    resp = self.send(prep, **send_kwargs)
  File "/home/nh/.openclaw/workspace/venv/lib/python3.14/site-packages/requests/sessions.py", line 784, in send
    r = adapter.send(request, **kwargs)
  File "/home/nh/.openclaw/workspace/venv/lib/python3.14/site-packages/requests/adapters.py", line 717, in send
    raise ConnectTimeout(e, request=request)
requests.exceptions.ConnectTimeout: HTTPSConnectionPool(host='www.okx.com', port=443): Max retries exceeded with url: /api/v5/public/instruments?instType=SPOT (Caused by ConnectTimeoutError(<HTTPSConnection(host='www.okx.com', port=443) at 0x7d9a9dfd1e80>, 'Connection to www.okx.com timed out. (connect timeout=10.0)'))

The above exception was the direct cause of the following exception:

Traceback (most recent call last):
  File "/home/nh/.openclaw/workspace/trading/paper_grid.py", line 179, in <module>
    current_price = bot.get_price()
  File "/home/nh/.openclaw/workspace/trading/paper_grid.py", line 50, in get_price
    ticker = exchange.fetch_ticker(SYMBOL)
  File "/home/nh/.openclaw/workspace/venv/lib/python3.14/site-packages/ccxt/okx.py", line 2213, in fetch_ticker
    self.load_markets()
    ~~~~~~~~~~~~~~~~~^^
  File "/home/nh/.openclaw/workspace/venv/lib/python3.14/site-packages/ccxt/base/exchange.py", line 1834, in load_markets
    markets = self.fetch_markets(params)
  File "/home/nh/.openclaw/workspace/venv/lib/python3.14/site-packages/ccxt/okx.py", line 1710, in fetch_markets
    promises.append(self.fetch_markets_by_type(types[i], params))
                    ~~~~~~~~~~~~~~~~~~~~~~~~~~^^^^^^^^^^^^^^^^^^
  File "/home/nh/.openclaw/workspace/venv/lib/python3.14/site-packages/ccxt/okx.py", line 1899, in fetch_markets_by_type
    response = self.publicGetPublicInstruments(self.extend(request, params))
  File "/home/nh/.openclaw/workspace/venv/lib/python3.14/site-packages/ccxt/base/types.py", line 35, in unbound_method
    return _self.request(self.path, self.api, self.method, params, config=self.config)
           ~~~~~~~~~~~~~^^^^^^^^^^^^^^^^^^^^^^^^^^^^^^^^^^^^^^^^^^^^^^^^^^^^^^^^^^^^^^
  File "/home/nh/.openclaw/workspace/venv/lib/python3.14/site-packages/ccxt/base/exchange.py", line 5488, in request
    return self.fetch2(path, api, method, params, headers, body, config)
           ~~~~~~~~~~~^^^^^^^^^^^^^^^^^^^^^^^^^^^^^^^^^^^^^^^^^^^^^^^^^^
  File "/home/nh/.openclaw/workspace/venv/lib/python3.14/site-packages/ccxt/base/exchange.py", line 5482, in fetch2
    raise e
  File "/home/nh/.openclaw/workspace/venv/lib/python3.14/site-packages/ccxt/base/exchange.py", line 5472, in fetch2
    return self.fetch(request['url'], request['method'], request['headers'], request['body'])
           ~~~~~~~~~~^^^^^^^^^^^^^^^^^^^^^^^^^^^^^^^^^^^^^^^^^^^^^^^^^^^^^^^^^^^^^^^^^^^^^^^^
  File "/home/nh/.openclaw/workspace/venv/lib/python3.14/site-packages/ccxt/base/exchange.py", line 696, in fetch
    raise RequestTimeout(details) from e
ccxt.base.errors.RequestTimeout: okx GET https://www.okx.com/api/v5/public/instruments?instType=SPOT
fatal: bad revision 'HEAD'
fatal: bad revision 'HEAD'

📊 账户概况
========================================
时间:    14:50
ETH:     $2016.17
USDT:    $200.00
ETH持:   0.100000
总权益:  $401.62
总交易:  0 (0买/0卖)
手续费:  $0.0000
活跃网格: 10

📊 账户概况
========================================
时间:    14:50
ETH:     $2016.16
USDT:    $200.00
ETH持:   0.100000
总权益:  $401.62
总交易:  0 (0买/0卖)
手续费:  $0.0000
活跃网格: 10
fatal: bad revision 'HEAD'
⚡ 网格触发! 价格: $2018.30
  🔴 SELL @ $2018.03 | 数量: 0.030000

📊 账户概况
========================================
时间:    15:00
ETH:     $2018.30
USDT:    $260.48
ETH持:   0.070000
总权益:  $401.76
总交易:  1 (0买/1卖)
手续费:  $0.0605
活跃网格: 10

📋 最新交易:
  🔴 SELL @ $2018.03 | USDT: $260.48 | ETH: 0.070000
fatal: bad revision 'HEAD'

📊 账户概况
========================================
时间:    15:10
ETH:     $2018.88
USDT:    $260.48
ETH持:   0.070000
总权益:  $401.80
总交易:  1 (0买/1卖)
手续费:  $0.0605
活跃网格: 10
fatal: bad revision 'HEAD'

📊 账户概况
========================================
时间:    15:20
ETH:     $2017.56
USDT:    $260.48
ETH持:   0.070000
总权益:  $401.71
总交易:  1 (0买/1卖)
手续费:  $0.0605
活跃网格: 10
fatal: bad revision 'HEAD'

📊 账户概况
========================================
时间:    15:30
ETH:     $2014.57
USDT:    $260.48
ETH持:   0.070000
总权益:  $401.50
总交易:  1 (0买/1卖)
手续费:  $0.0605
活跃网格: 10
fatal: bad revision 'HEAD'

📊 账户概况
========================================
时间:    15:40
ETH:     $2006.60
USDT:    $260.48
ETH持:   0.070000
总权益:  $400.94
总交易:  1 (0买/1卖)
手续费:  $0.0605
活跃网格: 10
fatal: bad revision 'HEAD'

📊 账户概况
========================================
时间:    15:50
ETH:     $2005.84
USDT:    $260.48
ETH持:   0.070000
总权益:  $400.89
总交易:  1 (0买/1卖)
手续费:  $0.0605
活跃网格: 10
fatal: bad revision 'HEAD'

📊 账户概况
========================================
时间:    16:00
ETH:     $2007.82
USDT:    $260.48
ETH持:   0.070000
总权益:  $401.03
总交易:  1 (0买/1卖)
手续费:  $0.0605
活跃网格: 10
fatal: bad revision 'HEAD'

📊 账户概况
========================================
时间:    16:10
ETH:     $2009.43
USDT:    $260.48
ETH持:   0.070000
总权益:  $401.14
总交易:  1 (0买/1卖)
手续费:  $0.0605
活跃网格: 10
fatal: bad revision 'HEAD'

📊 账户概况
========================================
时间:    16:20
ETH:     $2009.83
USDT:    $260.48
ETH持:   0.070000
总权益:  $401.17
总交易:  1 (0买/1卖)
手续费:  $0.0605
活跃网格: 10
fatal: bad revision 'HEAD'

📊 账户概况
========================================
时间:    16:30
ETH:     $2010.30
USDT:    $260.48
ETH持:   0.070000
总权益:  $401.20
总交易:  1 (0买/1卖)
手续费:  $0.0605
活跃网格: 10
fatal: bad revision 'HEAD'

📊 账户概况
========================================
时间:    16:40
ETH:     $2010.49
USDT:    $260.48
ETH持:   0.070000
总权益:  $401.21
总交易:  1 (0买/1卖)
手续费:  $0.0605
活跃网格: 10
fatal: bad revision 'HEAD'

📊 账户概况
========================================
时间:    17:00
ETH:     $2007.08
USDT:    $260.48
ETH持:   0.070000
总权益:  $400.98
总交易:  1 (0买/1卖)
手续费:  $0.0605
活跃网格: 10
fatal: bad revision 'HEAD'

📊 账户概况
========================================
时间:    17:10
ETH:     $2011.00
USDT:    $260.48
ETH持:   0.070000
总权益:  $401.25
总交易:  1 (0买/1卖)
手续费:  $0.0605
活跃网格: 10
fatal: bad revision 'HEAD'

📊 账户概况
========================================
时间:    18:00
ETH:     $2014.74
USDT:    $260.48
ETH持:   0.070000
总权益:  $401.51
总交易:  1 (0买/1卖)
手续费:  $0.0605
活跃网格: 10
fatal: bad revision 'HEAD'

📊 账户概况
========================================
时间:    18:10
ETH:     $2013.31
USDT:    $260.48
ETH持:   0.070000
总权益:  $401.41
总交易:  1 (0买/1卖)
手续费:  $0.0605
活跃网格: 10
fatal: bad revision 'HEAD'

📊 账户概况
========================================
时间:    19:50
ETH:     $2006.39
USDT:    $260.48
ETH持:   0.070000
总权益:  $400.93
总交易:  1 (0买/1卖)
手续费:  $0.0605
活跃网格: 10
fatal: bad revision 'HEAD'

📊 账户概况
========================================
时间:    20:00
ETH:     $2007.42
USDT:    $260.48
ETH持:   0.070000
总权益:  $401.00
总交易:  1 (0买/1卖)
手续费:  $0.0605
活跃网格: 10
fatal: bad revision 'HEAD'

📊 账户概况
========================================
时间:    20:10
ETH:     $2002.80
USDT:    $260.48
ETH持:   0.070000
总权益:  $400.68
总交易:  1 (0买/1卖)
手续费:  $0.0605
活跃网格: 10
fatal: bad revision 'HEAD'

📊 账户概况
========================================
时间:    20:20
ETH:     $2002.58
USDT:    $260.48
ETH持:   0.070000
总权益:  $400.66
总交易:  1 (0买/1卖)
手续费:  $0.0605
活跃网格: 10
fatal: bad revision 'HEAD'

📊 账户概况
========================================
时间:    20:30
ETH:     $2001.54
USDT:    $260.48
ETH持:   0.070000
总权益:  $400.59
总交易:  1 (0买/1卖)
手续费:  $0.0605
活跃网格: 10
fatal: bad revision 'HEAD'

📊 账户概况
========================================
时间:    20:40
ETH:     $1996.80
USDT:    $260.48
ETH持:   0.070000
总权益:  $400.26
总交易:  1 (0买/1卖)
手续费:  $0.0605
活跃网格: 10
fatal: bad revision 'HEAD'

📊 账户概况
========================================
时间:    20:50
ETH:     $1998.54
USDT:    $260.48
ETH持:   0.070000
总权益:  $400.38
总交易:  1 (0买/1卖)
手续费:  $0.0605
活跃网格: 10
fatal: bad revision 'HEAD'

📊 ETH=$2000.00 | USDT=$260.48 | ETH=0.07
   权益=$400.48 | 交易 1(0买/1卖)
   网格 30层 | 区间 $1800~$2200 (格距$13.79)
fatal: bad revision 'HEAD'

📊 ETH=$1996.93 | USDT=$260.48 | ETH=0.07
   权益=$400.27 | 交易 1(0买/1卖)
   网格 30层 | 区间 $1800~$2200 (格距$13.79)
fatal: bad revision 'HEAD'

📊 ETH=$1996.26 | USDT=$260.48 | ETH=0.07
   权益=$400.22 | 交易 1(0买/1卖)
   网格 30层 | 区间 $1800~$2200 (格距$13.79)
fatal: bad revision 'HEAD'

📊 ETH=$1994.46 | USDT=$260.48 | ETH=0.07
   权益=$400.09 | 交易 1(0买/1卖)
   网格 30层 | 区间 $1800~$2200 (格距$13.79)
fatal: bad revision 'HEAD'

📊 ETH=$1999.42 | USDT=$260.48 | ETH=0.07
   权益=$400.44 | 交易 1(0买/1卖)
   网格 30层 | 区间 $1800~$2200 (格距$13.79)
